QA output created by 470
pwrite: Resource temporarily unavailable
wrote 8388608/8388608 bytes at offset 0
XXX Bytes, X ops; XX:XX:XX.X (XXX YYY/sec and XXX ops/sec)
RWF_NOWAIT time is within limits.
00000000:  aa aa aa aa aa aa aa aa aa aa aa aa aa aa aa aa  ................
*
00200000:  bb bb bb bb bb bb bb bb bb bb bb bb bb bb bb bb  ................
*
00300000:  aa aa aa aa aa aa aa aa aa aa aa aa aa aa aa aa  ................
*
read 8388608/8388608 bytes at offset 0
XXX Bytes, X ops; XX:XX:XX.X (XXX YYY/sec and XXX ops/sec)
