QA output created by 471
Reformat with 320M size
Fill the filesystem
pwrite: No space left on device
pwrite wrote more than zero bytes.
00000000:  bb bb bb bb bb bb bb bb bb bb bb bb bb bb bb bb  ................
*
read 1048576/1048576 bytes at offset 0
XXX Bytes, X ops; XX:XX:XX.X (XXX YYY/sec and XXX ops/sec)
