QA output created by 144
36000+0 records in
36000+0 records out
